// Jest Snapshot v1, https://goo.gl/fbAQLP

exports[`MyProjectStack matches the default snapshot 1`] = `
{
  "Parameters": {
    "BootstrapVersion": {
      "Default": "/cdk-bootstrap/hnb659fds/version",
      "Description": "Version of the CDK Bootstrap resources in this environment, automatically retrieved from SSM Parameter Store. [cdk:skip]",
      "Type": "AWS::SSM::Parameter::Value<String>",
    },
  },
  "Resources": {
    "TableCD117FA1": {
      "DeletionPolicy": "Retain",
      "Properties": {
        "AttributeDefinitions": [
          {
            "AttributeName": "pk",
            "AttributeType": "S",
          },
          {
            "AttributeName": "sk",
            "AttributeType": "S",
          },
        ],
        "KeySchema": [
          {
            "AttributeName": "pk",
            "KeyType": "HASH",
          },
          {
            "AttributeName": "sk",
            "KeyType": "RANGE",
          },
        ],
        "PointInTimeRecoverySpecification": {
          "PointInTimeRecoveryEnabled": true,
        },
        "ProvisionedThroughput": {
          "ReadCapacityUnits": 5,
          "WriteCapacityUnits": 5,
        },
        "SSESpecification": {
          "KMSMasterKeyId": {
            "Fn::GetAtt": [
              "TableKey25666F95",
              "Arn",
            ],
          },
          "SSEEnabled": true,
          "SSEType": "KMS",
        },
        "Tags": [
          {
            "Key": "myorg:application:description",
            "Value": "Opinionated CDK Typescript Boilerplate",
          },
          {
            "Key": "myorg:application:environment",
            "Value": "prod",
          },
          {
            "Key": "myorg:application:name",
            "Value": "cdk-app-ts-boilerplate",
          },
          {
            "Key": "myorg:application:repository",
            "Value": "https://github.com/dashmug/cdk-app-ts-boilerplate",
          },
          {
            "Key": "myorg:project:customer",
            "Value": "myclient",
          },
          {
            "Key": "myorg:project:name",
            "Value": "myproject",
          },
          {
            "Key": "myorg:project:owner",
            "Value": "myteam",
          },
          {
            "Key": "myorg:stack:name",
            "Value": "MyTestStack",
          },
        ],
      },
      "Type": "AWS::DynamoDB::Table",
      "UpdateReplacePolicy": "Retain",
    },
    "TableKey25666F95": {
      "DeletionPolicy": "Retain",
      "Properties": {
        "Description": "Customer-managed key auto-created for encrypting DynamoDB table at MyTestStack/Table",
        "EnableKeyRotation": true,
        "KeyPolicy": {
          "Statement": [
            {
              "Action": "kms:*",
              "Effect": "Allow",
              "Principal": {
                "AWS": {
                  "Fn::Join": [
                    "",
                    [
                      "arn:",
                      {
                        "Ref": "AWS::Partition",
                      },
                      ":iam::",
                      {
                        "Ref": "AWS::AccountId",
                      },
                      ":root",
                    ],
                  ],
                },
              },
              "Resource": "*",
            },
          ],
          "Version": "2012-10-17",
        },
        "Tags": [
          {
            "Key": "myorg:application:description",
            "Value": "Opinionated CDK Typescript Boilerplate",
          },
          {
            "Key": "myorg:application:environment",
            "Value": "prod",
          },
          {
            "Key": "myorg:application:name",
            "Value": "cdk-app-ts-boilerplate",
          },
          {
            "Key": "myorg:application:repository",
            "Value": "https://github.com/dashmug/cdk-app-ts-boilerplate",
          },
          {
            "Key": "myorg:project:customer",
            "Value": "myclient",
          },
          {
            "Key": "myorg:project:name",
            "Value": "myproject",
          },
          {
            "Key": "myorg:project:owner",
            "Value": "myteam",
          },
          {
            "Key": "myorg:stack:name",
            "Value": "MyTestStack",
          },
        ],
      },
      "Type": "AWS::KMS::Key",
      "UpdateReplacePolicy": "Retain",
    },
  },
  "Rules": {
    "CheckBootstrapVersion": {
      "Assertions": [
        {
          "Assert": {
            "Fn::Not": [
              {
                "Fn::Contains": [
                  [
                    "1",
                    "2",
                    "3",
                    "4",
                    "5",
                  ],
                  {
                    "Ref": "BootstrapVersion",
                  },
                ],
              },
            ],
          },
          "AssertDescription": "CDK bootstrap stack version 6 required. Please run 'cdk bootstrap' with a recent version of the CDK CLI.",
        },
      ],
    },
  },
}
`;
